Archive member included to satisfy reference by file (symbol)

/usr/lib/gcc/avr/5.4.0/avr5/libgcc.a(_exit.o)
                              /usr/lib/gcc/avr/5.4.0/../../../avr/lib/avr5/crtatmega32.o (exit)
/usr/lib/gcc/avr/5.4.0/avr5/libgcc.a(_copy_data.o)
                              main2.o (__do_copy_data)
/usr/lib/gcc/avr/5.4.0/avr5/libgcc.a(_clear_bss.o)
                              main2.o (__do_clear_bss)
/lib/avr/lib/avr5/libc.a(memcpy.o)
                              ./FreeRTOS/queue.o (memcpy)

Memory Configuration

Name             Origin             Length             Attributes
text             0x0000000000000000 0x0000000000020000 xr
data             0x0000000000800060 0x000000000000ffa0 rw !x
eeprom           0x0000000000810000 0x0000000000010000 rw !x
fuse             0x0000000000820000 0x0000000000000002 rw !x
lock             0x0000000000830000 0x0000000000000400 rw !x
signature        0x0000000000840000 0x0000000000000400 rw !x
user_signatures  0x0000000000850000 0x0000000000000400 rw !x
*default*        0x0000000000000000 0xffffffffffffffff

Linker script and memory map

LOAD /usr/lib/gcc/avr/5.4.0/../../../avr/lib/avr5/crtatmega32.o
LOAD /lib/avr/lib/avr5/libatmega32a.a
LOAD main2.o
LOAD ./FreeRTOS/tasks.o
LOAD ./FreeRTOS/queue.o
LOAD ./FreeRTOS/list.o
LOAD ./FreeRTOS/port.o
LOAD ./FreeRTOS/heap_1.o
LOAD ./HAL/LCD/LCD.o
LOAD ./HAL/7SEG/7SEG.o
LOAD ./MCAL/GIE/GIE.o
LOAD ./MCAL/DIO/dio.o
START GROUP
LOAD /usr/lib/gcc/avr/5.4.0/avr5/libgcc.a
LOAD /lib/avr/lib/avr5/libm.a
LOAD /lib/avr/lib/avr5/libc.a
LOAD /lib/avr/lib/avr5/libatmega32.a
END GROUP
                0x0000000000000000                __TEXT_REGION_ORIGIN__ = DEFINED (__TEXT_REGION_ORIGIN__)?__TEXT_REGION_ORIGIN__:0x0
                0x0000000000800060                __DATA_REGION_ORIGIN__ = DEFINED (__DATA_REGION_ORIGIN__)?__DATA_REGION_ORIGIN__:0x800060
                0x0000000000020000                __TEXT_REGION_LENGTH__ = DEFINED (__TEXT_REGION_LENGTH__)?__TEXT_REGION_LENGTH__:0x20000
                0x000000000000ffa0                __DATA_REGION_LENGTH__ = DEFINED (__DATA_REGION_LENGTH__)?__DATA_REGION_LENGTH__:0xffa0
                0x0000000000010000                __EEPROM_REGION_LENGTH__ = DEFINED (__EEPROM_REGION_LENGTH__)?__EEPROM_REGION_LENGTH__:0x10000
                [0x0000000000000002]                __FUSE_REGION_LENGTH__ = DEFINED (__FUSE_REGION_LENGTH__)?__FUSE_REGION_LENGTH__:0x400
                0x0000000000000400                __LOCK_REGION_LENGTH__ = DEFINED (__LOCK_REGION_LENGTH__)?__LOCK_REGION_LENGTH__:0x400
                0x0000000000000400                __SIGNATURE_REGION_LENGTH__ = DEFINED (__SIGNATURE_REGION_LENGTH__)?__SIGNATURE_REGION_LENGTH__:0x400
                0x0000000000000400                __USER_SIGNATURE_REGION_LENGTH__ = DEFINED (__USER_SIGNATURE_REGION_LENGTH__)?__USER_SIGNATURE_REGION_LENGTH__:0x400

.hash
 *(.hash)

.dynsym
 *(.dynsym)

.dynstr
 *(.dynstr)

.gnu.version
 *(.gnu.version)

.gnu.version_d
 *(.gnu.version_d)

.gnu.version_r
 *(.gnu.version_r)

.rel.init
 *(.rel.init)

.rela.init
 *(.rela.init)

.rel.text
 *(.rel.text)
 *(.rel.text.*)
 *(.rel.gnu.linkonce.t*)

.rela.text
 *(.rela.text)
 *(.rela.text.*)
 *(.rela.gnu.linkonce.t*)

.rel.fini
 *(.rel.fini)

.rela.fini
 *(.rela.fini)

.rel.rodata
 *(.rel.rodata)
 *(.rel.rodata.*)
 *(.rel.gnu.linkonce.r*)

.rela.rodata
 *(.rela.rodata)
 *(.rela.rodata.*)
 *(.rela.gnu.linkonce.r*)

.rel.data
 *(.rel.data)
 *(.rel.data.*)
 *(.rel.gnu.linkonce.d*)

.rela.data
 *(.rela.data)
 *(.rela.data.*)
 *(.rela.gnu.linkonce.d*)

.rel.ctors
 *(.rel.ctors)

.rela.ctors
 *(.rela.ctors)

.rel.dtors
 *(.rel.dtors)

.rela.dtors
 *(.rela.dtors)

.rel.got
 *(.rel.got)

.rela.got
 *(.rela.got)

.rel.bss
 *(.rel.bss)

.rela.bss
 *(.rela.bss)

.rel.plt
 *(.rel.plt)

.rela.plt
 *(.rela.plt)

.text           0x0000000000000000     0x2812
 *(.vectors)
 .vectors       0x0000000000000000       0x54 /usr/lib/gcc/avr/5.4.0/../../../avr/lib/avr5/crtatmega32.o
                0x0000000000000000                __vectors
                0x0000000000000000                __vector_default
 *(.vectors)
 *(.progmem.gcc*)
                0x0000000000000054                . = ALIGN (0x2)
                0x0000000000000054                __trampolines_start = .
 *(.trampolines)
 .trampolines   0x0000000000000054        0x0 linker stubs
 *(.trampolines*)
                0x0000000000000054                __trampolines_end = .
 *libprintf_flt.a:*(.progmem.data)
 *libc.a:*(.progmem.data)
 *(.progmem*)
                0x0000000000000054                . = ALIGN (0x2)
 *(.jumptables)
 *(.jumptables*)
 *(.lowtext)
 *(.lowtext*)
                0x0000000000000054                __ctors_start = .
 *(.ctors)
                0x0000000000000054                __ctors_end = .
                0x0000000000000054                __dtors_start = .
 *(.dtors)
                0x0000000000000054                __dtors_end = .
 SORT(*)(.ctors)
 SORT(*)(.dtors)
 *(.init0)
 .init0         0x0000000000000054        0x0 /usr/lib/gcc/avr/5.4.0/../../../avr/lib/avr5/crtatmega32.o
                0x0000000000000054                __init
 *(.init0)
 *(.init1)
 *(.init1)
 *(.init2)
 .init2         0x0000000000000054        0xc /usr/lib/gcc/avr/5.4.0/../../../avr/lib/avr5/crtatmega32.o
 *(.init2)
 *(.init3)
 *(.init3)
 *(.init4)
 .init4         0x0000000000000060       0x16 /usr/lib/gcc/avr/5.4.0/avr5/libgcc.a(_copy_data.o)
                0x0000000000000060                __do_copy_data
 .init4         0x0000000000000076       0x10 /usr/lib/gcc/avr/5.4.0/avr5/libgcc.a(_clear_bss.o)
                0x0000000000000076                __do_clear_bss
 *(.init4)
 *(.init5)
 *(.init5)
 *(.init6)
 *(.init6)
 *(.init7)
 *(.init7)
 *(.init8)
 *(.init8)
 *(.init9)
 .init9         0x0000000000000086        0x8 /usr/lib/gcc/avr/5.4.0/../../../avr/lib/avr5/crtatmega32.o
 *(.init9)
 *(.text)
 .text          0x000000000000008e        0x4 /usr/lib/gcc/avr/5.4.0/../../../avr/lib/avr5/crtatmega32.o
                0x000000000000008e                __vector_1
                0x000000000000008e                __vector_12
                0x000000000000008e                __bad_interrupt
                0x000000000000008e                __vector_6
                0x000000000000008e                __vector_3
                0x000000000000008e                __vector_11
                0x000000000000008e                __vector_13
                0x000000000000008e                __vector_17
                0x000000000000008e                __vector_19
                0x000000000000008e                __vector_5
                0x000000000000008e                __vector_4
                0x000000000000008e                __vector_9
                0x000000000000008e                __vector_2
                0x000000000000008e                __vector_15
                0x000000000000008e                __vector_8
                0x000000000000008e                __vector_14
                0x000000000000008e                __vector_10
                0x000000000000008e                __vector_16
                0x000000000000008e                __vector_18
                0x000000000000008e                __vector_20
 .text          0x0000000000000092       0x64 main2.o
                0x0000000000000092                lcd_task
                0x00000000000000c4                lcd_task2
 .text          0x00000000000000f6     0x153e ./FreeRTOS/tasks.o
                0x00000000000001f6                xTaskCreate
                0x000000000000041a                vTaskDelete
                0x00000000000004d2                vTaskStartScheduler
                0x0000000000000524                vTaskEndScheduler
                0x000000000000052e                vTaskSuspendAll
                0x000000000000053a                xTaskGetTickCount
                0x000000000000054e                xTaskGetTickCountFromISR
                0x0000000000000558                uxTaskGetNumberOfTasks
                0x000000000000055e                pcTaskGetName
                0x000000000000056e                xTaskIncrementTick
                0x0000000000000770                xTaskResumeAll
                0x000000000000090a                xTaskDelayUntil
                0x0000000000000978                vTaskDelay
                0x00000000000009a0                xTaskCatchUpTicks
                0x00000000000009d0                vTaskSwitchContext
                0x0000000000000a56                vTaskPlaceOnEventList
                0x0000000000000a76                vTaskPlaceOnUnorderedEventList
                0x0000000000000afe                xTaskRemoveFromEventList
                0x0000000000000c56                vTaskRemoveFromUnorderedEventList
                0x0000000000000d72                vTaskSetTimeOutState
                0x0000000000000d92                vTaskInternalSetTimeOutState
                0x0000000000000da8                xTaskCheckForTimeOut
                0x0000000000000e00                vTaskMissedYield
                0x0000000000000e08                xTaskGetCurrentTaskHandle
                0x0000000000000e12                uxTaskResetEventItemValue
                0x0000000000000e40                ulTaskGenericNotifyTake
                0x0000000000000f20                xTaskGenericNotifyWait
                0x0000000000001060                xTaskGenericNotify
                0x0000000000001226                xTaskGenericNotifyFromISR
                0x000000000000143e                vTaskGenericNotifyGiveFromISR
                0x00000000000015a0                xTaskGenericNotifyStateClear
                0x00000000000015cc                ulTaskGenericNotifyValueClear
 .text          0x0000000000001634      0x87e ./FreeRTOS/queue.o
                0x000000000000178a                xQueueGenericReset
                0x000000000000181a                xQueueGenericCreate
                0x000000000000186a                xQueueCreateCountingSemaphore
                0x0000000000001890                xQueueGenericSend
                0x00000000000019bc                xQueueGenericSendFromISR
                0x0000000000001a24                xQueueGiveFromISR
                0x0000000000001a82                xQueueReceive
                0x0000000000001ba6                xQueueSemaphoreTake
                0x0000000000001cb2                xQueuePeek
                0x0000000000001dd6                xQueueReceiveFromISR
                0x0000000000001e3c                xQueuePeekFromISR
                0x0000000000001e6a                uxQueueMessagesWaiting
                0x0000000000001e7a                uxQueueSpacesAvailable
                0x0000000000001e8e                uxQueueMessagesWaitingFromISR
                0x0000000000001e94                vQueueDelete
                0x0000000000001e98                xQueueIsQueueEmptyFromISR
                0x0000000000001ea4                xQueueIsQueueFullFromISR
 .text          0x0000000000001eb2      0x11e ./FreeRTOS/list.o
                0x0000000000001eb2                vListInitialise
                0x0000000000001ece                vListInitialiseItem
                0x0000000000001ed6                vListInsertEnd
                0x0000000000001f18                vListInsert
                0x0000000000001f88                uxListRemove
 .text          0x0000000000001fd0      0x2b4 ./FreeRTOS/port.o
                0x0000000000001fd0                pxPortInitialiseStack
                0x00000000000020a8                xPortStartScheduler
                0x0000000000002112                vPortEndScheduler
                0x0000000000002114                vPortYield
                0x00000000000021c6                vPortYieldFromTick
                0x000000000000227e                __vector_7
 .text          0x0000000000002284       0x86 ./FreeRTOS/heap_1.o
                0x0000000000002284                pvPortMalloc
                0x00000000000022ec                vPortFree
                0x00000000000022ee                vPortInitialiseBlocks
                0x00000000000022f8                xPortGetFreeHeapSize
 .text          0x000000000000230a      0x192 ./HAL/LCD/LCD.o
                0x000000000000230a                enablePulse
                0x0000000000002326                lcd_writeDataNibble
                0x0000000000002362                lcd_sendCommand
                0x00000000000023a4                lcd_init
                0x000000000000241a                lcd_clearAndHome
                0x0000000000002434                lcd_sendData
                0x0000000000002476                lcd_displayString
                0x000000000000248e                lcd_goto_line2
                0x0000000000002494                lcd_goto
 .text          0x000000000000249c       0x5a ./HAL/7SEG/7SEG.o
                0x000000000000249c                sevenSeg2_init
                0x00000000000024a4                sevenSeg1_init
                0x00000000000024a8                sevenSeg2_display_digit
                0x00000000000024f2                sevenSeg1_display_digit
 .text          0x00000000000024f6       0x18 ./MCAL/GIE/GIE.o
                0x00000000000024f6                _cli
                0x00000000000024fa                _sei
                0x00000000000024fe                cli
                0x0000000000002506                sei
 .text          0x000000000000250e      0x26c ./MCAL/DIO/dio.o
                0x000000000000250e                DIO_vSetPinDirection
                0x0000000000002596                DIO_vWritePin
                0x000000000000261e                DIO_vTogglePin
                0x000000000000267e                DIO_vSetPortDirection
                0x00000000000026c6                DIO_vWritePort
                0x00000000000026e6                DIO_u8GetPinValue
                0x0000000000002728                DIO_vTogglePort
                0x0000000000002758                DIO_u8GetPortValue
 .text          0x000000000000277a        0x0 /usr/lib/gcc/avr/5.4.0/avr5/libgcc.a(_exit.o)
 .text          0x000000000000277a        0x0 /usr/lib/gcc/avr/5.4.0/avr5/libgcc.a(_copy_data.o)
 .text          0x000000000000277a        0x0 /usr/lib/gcc/avr/5.4.0/avr5/libgcc.a(_clear_bss.o)
 .text          0x000000000000277a        0x0 /lib/avr/lib/avr5/libc.a(memcpy.o)
                0x000000000000277a                . = ALIGN (0x2)
 *(.text.*)
 .text.startup  0x000000000000277a       0x82 main2.o
                0x000000000000277a                main
 .text.libgcc.mul
                0x00000000000027fc        0x0 /usr/lib/gcc/avr/5.4.0/avr5/libgcc.a(_exit.o)
 .text.libgcc.div
                0x00000000000027fc        0x0 /usr/lib/gcc/avr/5.4.0/avr5/libgcc.a(_exit.o)
 .text.libgcc   0x00000000000027fc        0x0 /usr/lib/gcc/avr/5.4.0/avr5/libgcc.a(_exit.o)
 .text.libgcc.prologue
                0x00000000000027fc        0x0 /usr/lib/gcc/avr/5.4.0/avr5/libgcc.a(_exit.o)
 .text.libgcc.builtins
                0x00000000000027fc        0x0 /usr/lib/gcc/avr/5.4.0/avr5/libgcc.a(_exit.o)
 .text.libgcc.fmul
                0x00000000000027fc        0x0 /usr/lib/gcc/avr/5.4.0/avr5/libgcc.a(_exit.o)
 .text.libgcc.fixed
                0x00000000000027fc        0x0 /usr/lib/gcc/avr/5.4.0/avr5/libgcc.a(_exit.o)
 .text.libgcc.mul
                0x00000000000027fc        0x0 /usr/lib/gcc/avr/5.4.0/avr5/libgcc.a(_copy_data.o)
 .text.libgcc.div
                0x00000000000027fc        0x0 /usr/lib/gcc/avr/5.4.0/avr5/libgcc.a(_copy_data.o)
 .text.libgcc   0x00000000000027fc        0x0 /usr/lib/gcc/avr/5.4.0/avr5/libgcc.a(_copy_data.o)
 .text.libgcc.prologue
                0x00000000000027fc        0x0 /usr/lib/gcc/avr/5.4.0/avr5/libgcc.a(_copy_data.o)
 .text.libgcc.builtins
                0x00000000000027fc        0x0 /usr/lib/gcc/avr/5.4.0/avr5/libgcc.a(_copy_data.o)
 .text.libgcc.fmul
                0x00000000000027fc        0x0 /usr/lib/gcc/avr/5.4.0/avr5/libgcc.a(_copy_data.o)
 .text.libgcc.fixed
                0x00000000000027fc        0x0 /usr/lib/gcc/avr/5.4.0/avr5/libgcc.a(_copy_data.o)
 .text.libgcc.mul
                0x00000000000027fc        0x0 /usr/lib/gcc/avr/5.4.0/avr5/libgcc.a(_clear_bss.o)
 .text.libgcc.div
                0x00000000000027fc        0x0 /usr/lib/gcc/avr/5.4.0/avr5/libgcc.a(_clear_bss.o)
 .text.libgcc   0x00000000000027fc        0x0 /usr/lib/gcc/avr/5.4.0/avr5/libgcc.a(_clear_bss.o)
 .text.libgcc.prologue
                0x00000000000027fc        0x0 /usr/lib/gcc/avr/5.4.0/avr5/libgcc.a(_clear_bss.o)
 .text.libgcc.builtins
                0x00000000000027fc        0x0 /usr/lib/gcc/avr/5.4.0/avr5/libgcc.a(_clear_bss.o)
 .text.libgcc.fmul
                0x00000000000027fc        0x0 /usr/lib/gcc/avr/5.4.0/avr5/libgcc.a(_clear_bss.o)
 .text.libgcc.fixed
                0x00000000000027fc        0x0 /usr/lib/gcc/avr/5.4.0/avr5/libgcc.a(_clear_bss.o)
 .text.avr-libc
                0x00000000000027fc       0x12 /lib/avr/lib/avr5/libc.a(memcpy.o)
                0x00000000000027fc                memcpy
                0x000000000000280e                . = ALIGN (0x2)
 *(.fini9)
 .fini9         0x000000000000280e        0x0 /usr/lib/gcc/avr/5.4.0/avr5/libgcc.a(_exit.o)
                0x000000000000280e                exit
                0x000000000000280e                _exit
 *(.fini9)
 *(.fini8)
 *(.fini8)
 *(.fini7)
 *(.fini7)
 *(.fini6)
 *(.fini6)
 *(.fini5)
 *(.fini5)
 *(.fini4)
 *(.fini4)
 *(.fini3)
 *(.fini3)
 *(.fini2)
 *(.fini2)
 *(.fini1)
 *(.fini1)
 *(.fini0)
 .fini0         0x000000000000280e        0x4 /usr/lib/gcc/avr/5.4.0/avr5/libgcc.a(_exit.o)
 *(.fini0)
                0x0000000000002812                _etext = .

.data           0x0000000000800060       0x64 load address 0x0000000000002812
                0x0000000000800060                PROVIDE (__data_start, .)
 *(.data)
 .data          0x0000000000800060        0x0 /usr/lib/gcc/avr/5.4.0/../../../avr/lib/avr5/crtatmega32.o
 .data          0x0000000000800060        0x0 main2.o
 .data          0x0000000000800060        0x1 ./FreeRTOS/tasks.o
                0x0000000000800060                uxTopUsedPriority
 .data          0x0000000000800061        0x0 ./FreeRTOS/queue.o
 .data          0x0000000000800061        0x0 ./FreeRTOS/list.o
 .data          0x0000000000800061        0x0 ./FreeRTOS/port.o
 .data          0x0000000000800061        0x0 ./FreeRTOS/heap_1.o
 .data          0x0000000000800061        0x0 ./HAL/LCD/LCD.o
 .data          0x0000000000800061        0x0 ./HAL/7SEG/7SEG.o
 .data          0x0000000000800061        0x0 ./MCAL/GIE/GIE.o
 .data          0x0000000000800061        0x0 ./MCAL/DIO/dio.o
 .data          0x0000000000800061        0x0 /usr/lib/gcc/avr/5.4.0/avr5/libgcc.a(_exit.o)
 .data          0x0000000000800061        0x0 /usr/lib/gcc/avr/5.4.0/avr5/libgcc.a(_copy_data.o)
 .data          0x0000000000800061        0x0 /usr/lib/gcc/avr/5.4.0/avr5/libgcc.a(_clear_bss.o)
 .data          0x0000000000800061        0x0 /lib/avr/lib/avr5/libc.a(memcpy.o)
 *(.data*)
 *(.gnu.linkonce.d*)
 *(.rodata)
 .rodata        0x0000000000800061        0xa ./HAL/7SEG/7SEG.o
 *(.rodata*)
 .rodata.str1.1
                0x000000000080006b       0x54 main2.o
 .rodata.str1.1
                0x00000000008000bf        0x5 ./FreeRTOS/tasks.o
 *(.gnu.linkonce.r*)
                0x00000000008000c4                . = ALIGN (0x2)
                0x00000000008000c4                _edata = .
                0x00000000008000c4                PROVIDE (__data_end, .)

.bss            0x00000000008000c4      0x538
                0x00000000008000c4                PROVIDE (__bss_start, .)
 *(.bss)
 .bss           0x00000000008000c4        0x0 /usr/lib/gcc/avr/5.4.0/../../../avr/lib/avr5/crtatmega32.o
 .bss           0x00000000008000c4        0x2 main2.o
 .bss           0x00000000008000c6       0x82 ./FreeRTOS/tasks.o
                0x00000000008000c6                pxCurrentTCB
 .bss           0x0000000000800148        0x0 ./FreeRTOS/queue.o
 .bss           0x0000000000800148        0x0 ./FreeRTOS/list.o
 .bss           0x0000000000800148        0x0 ./FreeRTOS/port.o
 .bss           0x0000000000800148      0x4b4 ./FreeRTOS/heap_1.o
 .bss           0x00000000008005fc        0x0 ./HAL/LCD/LCD.o
 .bss           0x00000000008005fc        0x0 ./HAL/7SEG/7SEG.o
 .bss           0x00000000008005fc        0x0 ./MCAL/GIE/GIE.o
 .bss           0x00000000008005fc        0x0 ./MCAL/DIO/dio.o
 .bss           0x00000000008005fc        0x0 /usr/lib/gcc/avr/5.4.0/avr5/libgcc.a(_exit.o)
 .bss           0x00000000008005fc        0x0 /usr/lib/gcc/avr/5.4.0/avr5/libgcc.a(_copy_data.o)
 .bss           0x00000000008005fc        0x0 /usr/lib/gcc/avr/5.4.0/avr5/libgcc.a(_clear_bss.o)
 .bss           0x00000000008005fc        0x0 /lib/avr/lib/avr5/libc.a(memcpy.o)
 *(.bss*)
 *(COMMON)
                0x00000000008005fc                PROVIDE (__bss_end, .)
                0x0000000000002812                __data_load_start = LOADADDR (.data)
                0x0000000000002876                __data_load_end = (__data_load_start + SIZEOF (.data))

.noinit         0x00000000008005fc        0x0
                [!provide]                        PROVIDE (__noinit_start, .)
 *(.noinit*)
                [!provide]                        PROVIDE (__noinit_end, .)
                0x00000000008005fc                _end = .
                [!provide]                        PROVIDE (__heap_start, .)

.eeprom         0x0000000000810000        0x0
 *(.eeprom*)
                0x0000000000810000                __eeprom_end = .

.fuse
 *(.fuse)
 *(.lfuse)
 *(.hfuse)
 *(.efuse)

.lock
 *(.lock*)

.signature
 *(.signature*)

.user_signatures
 *(.user_signatures*)

.stab
 *(.stab)

.stabstr
 *(.stabstr)

.stab.excl
 *(.stab.excl)

.stab.exclstr
 *(.stab.exclstr)

.stab.index
 *(.stab.index)

.stab.indexstr
 *(.stab.indexstr)

.comment        0x0000000000000000       0x11
 *(.comment)
 .comment       0x0000000000000000       0x11 main2.o
                                         0x12 (size before relaxing)
 .comment       0x0000000000000011       0x12 ./FreeRTOS/tasks.o
 .comment       0x0000000000000011       0x12 ./FreeRTOS/queue.o
 .comment       0x0000000000000011       0x12 ./FreeRTOS/list.o
 .comment       0x0000000000000011       0x12 ./FreeRTOS/port.o
 .comment       0x0000000000000011       0x12 ./FreeRTOS/heap_1.o
 .comment       0x0000000000000011       0x12 ./HAL/LCD/LCD.o
 .comment       0x0000000000000011       0x12 ./HAL/7SEG/7SEG.o
 .comment       0x0000000000000011       0x12 ./MCAL/GIE/GIE.o
 .comment       0x0000000000000011       0x12 ./MCAL/DIO/dio.o

.note.gnu.avr.deviceinfo
                0x0000000000000000       0x3c
 .note.gnu.avr.deviceinfo
                0x0000000000000000       0x3c /usr/lib/gcc/avr/5.4.0/../../../avr/lib/avr5/crtatmega32.o

.note.gnu.build-id
 *(.note.gnu.build-id)

.debug
 *(.debug)

.line
 *(.line)

.debug_srcinfo
 *(.debug_srcinfo)

.debug_sfnames
 *(.debug_sfnames)

.debug_aranges
 *(.debug_aranges)

.debug_pubnames
 *(.debug_pubnames)

.debug_info     0x0000000000000000      0x4e6
 *(.debug_info .gnu.linkonce.wi.*)
 .debug_info    0x0000000000000000      0x4e6 /usr/lib/gcc/avr/5.4.0/../../../avr/lib/avr5/crtatmega32.o

.debug_abbrev   0x0000000000000000      0x4a3
 *(.debug_abbrev)
 .debug_abbrev  0x0000000000000000      0x4a3 /usr/lib/gcc/avr/5.4.0/../../../avr/lib/avr5/crtatmega32.o

.debug_line     0x0000000000000000       0x1a
 *(.debug_line .debug_line.* .debug_line_end)
 .debug_line    0x0000000000000000       0x1a /usr/lib/gcc/avr/5.4.0/../../../avr/lib/avr5/crtatmega32.o

.debug_frame
 *(.debug_frame)

.debug_str      0x0000000000000000      0x196
 *(.debug_str)
 .debug_str     0x0000000000000000      0x196 /usr/lib/gcc/avr/5.4.0/../../../avr/lib/avr5/crtatmega32.o

.debug_loc
 *(.debug_loc)

.debug_macinfo
 *(.debug_macinfo)

.debug_weaknames
 *(.debug_weaknames)

.debug_funcnames
 *(.debug_funcnames)

.debug_typenames
 *(.debug_typenames)

.debug_varnames
 *(.debug_varnames)

.debug_pubtypes
 *(.debug_pubtypes)

.debug_ranges
 *(.debug_ranges)

.debug_macro
 *(.debug_macro)
OUTPUT(./bin/freeRTOS.elf elf32-avr)
LOAD linker stubs
